// Jest Snapshot v1, https://goo.gl/fbAQLP

exports[`PollCreate renders correctly PollCreate render as expected with props { userId: 'thuandmt' } 1`] = `
<body>
  <div>
    <form>
      <div
        class="my-3"
      >
        <label
          class="form-label"
          for="input-user"
        >
          First option
        </label>
        <input
          autocomplete="off"
          class="form-control"
          id="input-option-one"
          name="optionOneText"
          type="text"
        />
      </div>
      <div
        class="my-3"
      >
        <label
          class="form-label"
          for="input-user"
        >
          Second option
        </label>
        <input
          autocomplete="off"
          class="form-control"
          id="input-option-one"
          name="optionTwoText"
          type="text"
        />
      </div>
      <div
        class="mt-3 mb-2 d-flex align-items-center justify-content-end gap-2"
      >
        <button
          class="btn btn-primary"
          type="submit"
        >
          Create
        </button>
      </div>
    </form>
  </div>
</body>
`;

exports[`PollCreate renders correctly PollCreate render as expected with props { userId: 'tylermcginnis' } 1`] = `
<body>
  <div>
    <form>
      <div
        class="my-3"
      >
        <label
          class="form-label"
          for="input-user"
        >
          First option
        </label>
        <input
          autocomplete="off"
          class="form-control"
          id="input-option-one"
          name="optionOneText"
          type="text"
        />
      </div>
      <div
        class="my-3"
      >
        <label
          class="form-label"
          for="input-user"
        >
          Second option
        </label>
        <input
          autocomplete="off"
          class="form-control"
          id="input-option-one"
          name="optionTwoText"
          type="text"
        />
      </div>
      <div
        class="mt-3 mb-2 d-flex align-items-center justify-content-end gap-2"
      >
        <button
          class="btn btn-primary"
          type="submit"
        >
          Create
        </button>
      </div>
    </form>
  </div>
</body>
`;
